// Vitest Snapshot v1

exports[`<Counter /> > renders 1 1`] = `
<div>
  <button
    class="_increment_898980"
  >
    Clicks: 
    <!--#-->
    0
    <!--/-->
  </button>
</div>
`;
